// Jest Snapshot v1, https://goo.gl/fbAQLP

exports[`Counter Componet debe de hacer match con el snapshot 1`] = `
<h2>Section Counter</h2>
<h1>Default : 100</h1>
<div><button>+1</button><button>-1</button></div>
`;
